// Jest Snapshot v1, https://goo.gl/fbAQLP

exports[`<Heart/> should match snapshot 1`] = `
<div>
  <svg
    fill="none"
    height="12"
    viewBox="0 0 13 12"
    width="13"
    xmlns="http://www.w3.org/2000/svg"
  >
    <path
      clip-rule="evenodd"
      d="M6.57153 2.37318L3.57153 0.552368L0.571533 2.37318V6.27491L6.57153 11.3905L12.5715 6.27491V2.37318L9.57154 0.552368L6.57153 2.37318Z"
      fill="#EC1D24"
      fill-rule="evenodd"
    />
  </svg>
</div>
`;
